# Checklist Log

## Date: 2026-05-06 (Wednesday)
## Goal
SVFocusSRNet `dim32 block4` 파인튜닝 학습 결과 및 조기 종료 현상을 분석하고, IR 전용 데이터 파이프라인 최적화를 통해 실기기(QCS8550) 탑재 준비를 마친다.

---

## 1. SR Stage-2 Finetuning 결과 분석 및 최적화
- [x] 260505 및 260507 IR x2/x4 학습 모델의 Early Stopping 조기 종료 원인 분석
- [x] `sr_finetune_ir_sensor.yaml` 데이터 파이프라인 정제 (JPEG 압축 및 Sinc 링깅 요소 대폭 하향)
- [x] `edge` loss 과적합 방지를 위해 weight를 0.15에서 0.05로 하향
- [x] Early Stopping `monitor`를 `niqe`에서 `loss`로 원복

## 2. 최종 IR 모델 성능 및 수렴 확인
- [x] 재학습된 최종 IR 모델들의 정상 수렴(Convergence) 여부 판단 (Epoch 20에서 안정적 종료 확인)
- [x] Deploy 모델(Block8) 대비 PSNR 성능 방어율 측정
  - IR x4: **+0.428 dB** 달성 (성능 증가)
  - IR x2: **-0.49 dB** 달성 (연산량 50% 절감 대비 훌륭한 방어율)
- [x] ONNX 모델 변환 및 QCS8550 실기기 탑재 적합성 검증 완료

---

## Quick Priority (Next Actions)
- [ ] 1. 최종 완성된 IR x2 / x4 모델들 ONNX 변환 수행
- [ ] 2. QCS8550 보드 NPU 상에서 Latency 성능 측정
- [ ] 3. EO 파인튜닝 모델들 결과도 분석하여 안정화 확인
